// Jest Snapshot v1, https://goo.gl/fbAQLP

exports[`should render the Register page 1`] = `
ShallowWrapper {
  Symbol(enzyme.__root__): [Circular],
  Symbol(enzyme.__unrendered__): <Register
    auth={
      Object {
        "isAuthenticated": false,
        "user": "test",
      }
    }
    errors={Object {}}
    history={Object {}}
    registerUser={[MockFunction]}
  />,
  Symbol(enzyme.__renderer__): Object {
    "batchedUpdates": [Function],
    "getNode": [Function],
    "render": [Function],
    "simulateError": [Function],
    "simulateEvent": [Function],
    "unmount": [Function],
  },
  Symbol(enzyme.__node__): Object {
    "instance": null,
    "key": undefined,
    "nodeType": "host",
    "props": Object {
      "children": Array [
        <h1>
          Register
        </h1>,
        <form
          noValidate={true}
          onSubmit={[Function]}
        >
          <input
            className=""
            name="email"
            onChange={[Function]}
            type="email"
            value=""
          />
          <input
            className=""
            name="password"
            onChange={[Function]}
            type="password"
            value=""
          />
          <input
            className=""
            name="password2"
            onChange={[Function]}
            type="password"
            value=""
          />
          <input
            type="submit"
            value="Sign Up"
          />
        </form>,
      ],
    },
    "ref": null,
    "rendered": Array [
      Object {
        "instance": null,
        "key": undefined,
        "nodeType": "host",
        "props": Object {
          "children": "Register",
        },
        "ref": null,
        "rendered": "Register",
        "type": "h1",
      },
      Object {
        "instance": null,
        "key": undefined,
        "nodeType": "host",
        "props": Object {
          "children": Array [
            <input
              className=""
              name="email"
              onChange={[Function]}
              type="email"
              value=""
            />,
            undefined,
            <input
              className=""
              name="password"
              onChange={[Function]}
              type="password"
              value=""
            />,
            undefined,
            <input
              className=""
              name="password2"
              onChange={[Function]}
              type="password"
              value=""
            />,
            undefined,
            <input
              type="submit"
              value="Sign Up"
            />,
          ],
          "noValidate": true,
          "onSubmit": [Function],
        },
        "ref": null,
        "rendered": Array [
          Object {
            "instance": null,
            "key": undefined,
            "nodeType": "host",
            "props": Object {
              "className": "",
              "name": "email",
              "onChange": [Function],
              "type": "email",
              "value": "",
            },
            "ref": null,
            "rendered": null,
            "type": "input",
          },
          undefined,
          Object {
            "instance": null,
            "key": undefined,
            "nodeType": "host",
            "props": Object {
              "className": "",
              "name": "password",
              "onChange": [Function],
              "type": "password",
              "value": "",
            },
            "ref": null,
            "rendered": null,
            "type": "input",
          },
          undefined,
          Object {
            "instance": null,
            "key": undefined,
            "nodeType": "host",
            "props": Object {
              "className": "",
              "name": "password2",
              "onChange": [Function],
              "type": "password",
              "value": "",
            },
            "ref": null,
            "rendered": null,
            "type": "input",
          },
          undefined,
          Object {
            "instance": null,
            "key": undefined,
            "nodeType": "host",
            "props": Object {
              "type": "submit",
              "value": "Sign Up",
            },
            "ref": null,
            "rendered": null,
            "type": "input",
          },
        ],
        "type": "form",
      },
    ],
    "type": "div",
  },
  Symbol(enzyme.__nodes__): Array [
    Object {
      "instance": null,
      "key": undefined,
      "nodeType": "host",
      "props": Object {
        "children": Array [
          <h1>
            Register
          </h1>,
          <form
            noValidate={true}
            onSubmit={[Function]}
          >
            <input
              className=""
              name="email"
              onChange={[Function]}
              type="email"
              value=""
            />
            <input
              className=""
              name="password"
              onChange={[Function]}
              type="password"
              value=""
            />
            <input
              className=""
              name="password2"
              onChange={[Function]}
              type="password"
              value=""
            />
            <input
              type="submit"
              value="Sign Up"
            />
          </form>,
        ],
      },
      "ref": null,
      "rendered": Array [
        Object {
          "instance": null,
          "key": undefined,
          "nodeType": "host",
          "props": Object {
            "children": "Register",
          },
          "ref": null,
          "rendered": "Register",
          "type": "h1",
        },
        Object {
          "instance": null,
          "key": undefined,
          "nodeType": "host",
          "props": Object {
            "children": Array [
              <input
                className=""
                name="email"
                onChange={[Function]}
                type="email"
                value=""
              />,
              undefined,
              <input
                className=""
                name="password"
                onChange={[Function]}
                type="password"
                value=""
              />,
              undefined,
              <input
                className=""
                name="password2"
                onChange={[Function]}
                type="password"
                value=""
              />,
              undefined,
              <input
                type="submit"
                value="Sign Up"
              />,
            ],
            "noValidate": true,
            "onSubmit": [Function],
          },
          "ref": null,
          "rendered": Array [
            Object {
              "instance": null,
              "key": undefined,
              "nodeType": "host",
              "props": Object {
                "className": "",
                "name": "email",
                "onChange": [Function],
                "type": "email",
                "value": "",
              },
              "ref": null,
              "rendered": null,
              "type": "input",
            },
            undefined,
            Object {
              "instance": null,
              "key": undefined,
              "nodeType": "host",
              "props": Object {
                "className": "",
                "name": "password",
                "onChange": [Function],
                "type": "password",
                "value": "",
              },
              "ref": null,
              "rendered": null,
              "type": "input",
            },
            undefined,
            Object {
              "instance": null,
              "key": undefined,
              "nodeType": "host",
              "props": Object {
                "className": "",
                "name": "password2",
                "onChange": [Function],
                "type": "password",
                "value": "",
              },
              "ref": null,
              "rendered": null,
              "type": "input",
            },
            undefined,
            Object {
              "instance": null,
              "key": undefined,
              "nodeType": "host",
              "props": Object {
                "type": "submit",
                "value": "Sign Up",
              },
              "ref": null,
              "rendered": null,
              "type": "input",
            },
          ],
          "type": "form",
        },
      ],
      "type": "div",
    },
  ],
  Symbol(enzyme.__options__): Object {
    "adapter": ReactSixteenAdapter {
      "options": Object {
        "enableComponentDidUpdateOnSetState": true,
        "lifecycles": Object {
          "componentDidUpdate": Object {
            "onSetState": true,
          },
          "getDerivedStateFromProps": true,
          "getSnapshotBeforeUpdate": true,
          "setState": Object {
            "skipsComponentDidUpdateOnNullish": true,
          },
        },
      },
    },
  },
}
`;
